277b.lean:8:10-8:16: error: invalid constructor ⟨...⟩, expected type must be an inductive type with only one constructor 
  List Point
277b.lean:8:0-8:16: error: cannot evaluate expression that depends on the `sorry` axiom.
Use `#eval!` to evaluate nevertheless (which may cause lean to crash).
