301.lean:1:5: error: expected token
301.lean:1:21: error: expected token
