{"version": 2, "uri": "file:///incrementalCommand.lean", "diagnostics": []}
{"version": 2, "uri": "file:///incrementalCommand.lean", "diagnostics": []}
w
w
{"version": 1, "uri": "file:///incrementalCommand.lean", "diagnostics": []}
{"version": 1,
 "uri": "file:///incrementalCommand.lean",
 "diagnostics":
 [{"source": "Lean 4",
   "severity": 3,
   "range":
   {"start": {"line": 5, "character": 0}, "end": {"line": 5, "character": 5}},
   "message": "\"import\"\n",
   "fullRange":
   {"start": {"line": 5, "character": 0}, "end": {"line": 5, "character": 5}}}]}
{"version": 2,
 "uri": "file:///incrementalCommand.lean",
 "diagnostics":
 [{"source": "Lean 4",
   "severity": 3,
   "range":
   {"start": {"line": 5, "character": 0}, "end": {"line": 5, "character": 5}},
   "message": "\"import\"\n",
   "fullRange":
   {"start": {"line": 5, "character": 0}, "end": {"line": 5, "character": 5}}}]}
